Test script starting at 2025-04-25 09:59:58
